---
source: py2o2/src/parser/stmt.rs
expression: "arg(\"a\").finish().unwrap()"
---
(
    "",
    Arg {
        name: Identifier {
            components: [
                "a",
            ],
        },
        ty: None,
        default: None,
    },
)
