---
source: py2o2/src/parser/expr.rs
expression: "expr(\"a < b\").finish().unwrap()"
---
(
    "",
    Compare {
        left: Name {
            id: "a",
        },
        ops: Lt,
        comparators: Name {
            id: "b",
        },
    },
)
