---
source: py2o2/src/parser/function_def.rs
expression: "function_def(r#\"\n            def g(x: int) -> str:\n                ...\n            \"#.trim()).finish().unwrap()"
---
(
    "",
    FunctionDef {
        name: "g",
        args: Arguments {
            args: [
                Arg {
                    name: "x",
                    ty: Some(
                        Name(
                            "int",
                        ),
                    ),
                    default: None,
                },
            ],
            positional_only: [],
            keyword_only: [],
            var_args: None,
            kw_args: None,
        },
        type_: Name(
            "str",
        ),
        decorators: [],
    },
)
