---
source: py2o2/src/parser/stmt.rs
expression: "arg(\"a: T\").finish().unwrap()"
---
(
    "",
    Arg {
        name: Identifier {
            components: [
                "a",
            ],
        },
        ty: Some(
            Name(
                Identifier {
                    components: [
                        "T",
                    ],
                },
            ),
        ),
        default: None,
    },
)
