---
source: py2o2/src/parser/expr.rs
expression: "expr(\"a\").finish().unwrap()"
---
(
    "",
    Name {
        id: "a",
    },
)
