---
source: py2o2/src/parser/expr.rs
expression: "expr(\"f()\").finish().unwrap()"
---
(
    "",
    Call {
        func: Name {
            id: "f",
        },
        args: [],
        keywords: {},
    },
)
