---
source: py2o2/src/parser/expr.rs
expression: "expr(\"m.a.b\").finish().unwrap()"
---
(
    "",
    Name {
        id: Identifier {
            components: [
                "m",
                "a",
                "b",
            ],
        },
    },
)
