---
source: py2o2/src/parser.rs
expression: "arg(\"a\").finish().unwrap()"
---
(
    "",
    Arg {
        name: "a",
        ty: None,
        default: None,
    },
)
