---
source: py2o2/src/parser.rs
expression: "arg(\"a = None\").finish().unwrap()"
---
(
    "",
    Arg {
        name: "a",
        ty: None,
        default: Some(
            None,
        ),
    },
)
