---
source: py2o2/src/parser.rs
expression: "import_from(\"from numpy import array\").finish().unwrap()"
---
(
    "",
    ImportFrom {
        module: "numpy",
        names: [
            "array",
        ],
    },
)
